16:42:21 **** Clean-only build of configuration Debug for project 001HelloWorld_semihosting ****
make -j7 clean 
rm -rf *
 
16:42:21 **** Incremental Build of configuration Debug for project 001HelloWorld_semihosting ****
make -j7 all 
arm-none-eabi-gcc -mcpu=cortex-m4 -g3 -c -x assembler-with-cpp --specs=nano.specs -mfpu=fpv4-sp-d16 -mfloat-abi=hard -mthumb -o "Startup/startup_stm32f407vgtx.o" "../Startup/startup_stm32f407vgtx.s"
arm-none-eabi-gcc "../Src/main.c" -mcpu=cortex-m4 -std=gnu11 -g3 -DSTM32 -DSTM32F407G_DISC1 -DSTM32F4 -DSTM32F407VGTx -DDEBUG -c -I../Inc -O0 -ffunction-sections -fdata-sections -Wall -fstack-usage -MMD -MP -MF"Src/main.d" -MT"Src/main.o" --specs=nano.specs -mfpu=fpv4-sp-d16 -mfloat-abi=hard -mthumb -o "Src/main.o"
arm-none-eabi-gcc "../Src/sysmem.c" -mcpu=cortex-m4 -std=gnu11 -g3 -DSTM32 -DSTM32F407G_DISC1 -DSTM32F4 -DSTM32F407VGTx -DDEBUG -c -I../Inc -O0 -ffunction-sections -fdata-sections -Wall -fstack-usage -MMD -MP -MF"Src/sysmem.d" -MT"Src/sysmem.o" --specs=nano.specs -mfpu=fpv4-sp-d16 -mfloat-abi=hard -mthumb -o "Src/sysmem.o"
arm-none-eabi-gcc -o "001HelloWorld_semihosting.elf" @"objects.list"   -mcpu=cortex-m4 -T"/Users/jonmckay/Projects/Embedded-Repository/STM32/Embedded-C/workspace/target/001HelloWorld_semihosting/STM32F407VGTX_FLASH.ld" --specs=nosys.specs -Wl,-Map="001HelloWorld_semihosting.map" -Wl,--gc-sections -static -specs=rdimon.specs -lc -lrdimon --specs=nano.specs -mfpu=fpv4-sp-d16 -mfloat-abi=hard -mthumb -Wl,--start-group -lc -lm -Wl,--end-group
Finished building target: 001HelloWorld_semihosting.elf
 
arm-none-eabi-size   001HelloWorld_semihosting.elf 
arm-none-eabi-objdump -h -S  001HelloWorld_semihosting.elf  > "001HelloWorld_semihosting.list"
arm-none-eabi-objcopy  -O binary  001HelloWorld_semihosting.elf  "001HelloWorld_semihosting.bin"
   text	   data	    bss	    dec	    hex	filename
   4576	    116	   1756	   6448	   1930	001HelloWorld_semihosting.elf
Finished building: default.size.stdout
 
Finished building: 001HelloWorld_semihosting.bin
 
Finished building: 001HelloWorld_semihosting.list
 
16:42:42 **** Incremental Build of configuration Debug for project 001HelloWorld_semihosting ****
make -j7 all 
arm-none-eabi-size   001HelloWorld_semihosting.elf 
   text	   data	    bss	    dec	    hex	filename
   4576	    116	   1756	   6448	   1930	001HelloWorld_semihosting.elf
Finished building: default.size.stdout
 
