17:11:13 **** Incremental Build of configuration Debug for project 002Sizeof ****
make -j7 all 
arm-none-eabi-gcc "../Src/syscalls.c" -mcpu=cortex-m4 -std=gnu11 -g3 -DSTM32 -DSTM32F407G_DISC1 -DSTM32F4 -DSTM32F407VGTx -DDEBUG -c -I../Inc -O0 -ffunction-sections -fdata-sections -Wall -fstack-usage -MMD -MP -MF"Src/syscalls.d" -MT"Src/syscalls.o" --specs=nano.specs -mfpu=fpv4-sp-d16 -mfloat-abi=hard -mthumb -o "Src/syscalls.o"
arm-none-eabi-gcc -o "002Sizeof.elf" @"objects.list"   -mcpu=cortex-m4 -T"/Users/jonmckay/Projects/Embedded-Repository/STM32/Embedded-C/workspace/target/002Sizeof/STM32F407VGTX_FLASH.ld" --specs=nosys.specs -Wl,-Map="002Sizeof.map" -Wl,--gc-sections -static --specs=nano.specs -mfpu=fpv4-sp-d16 -mfloat-abi=hard -mthumb -Wl,--start-group -lc -lm -Wl,--end-group
Finished building target: 002Sizeof.elf
 
arm-none-eabi-objdump -h -S  002Sizeof.elf  > "002Sizeof.list"
arm-none-eabi-objcopy  -O binary  002Sizeof.elf  "002Sizeof.bin"
arm-none-eabi-size   002Sizeof.elf 
   text	   data	    bss	    dec	    hex	filename
   5200	    108	   1580	   6888	   1ae8	002Sizeof.elf
Finished building: default.size.stdout
 
Finished building: 002Sizeof.bin
 
Finished building: 002Sizeof.list
 
17:11:20 **** Incremental Build of configuration Debug for project 002Sizeof ****
make -j7 all 
arm-none-eabi-size   002Sizeof.elf 
   text	   data	    bss	    dec	    hex	filename
   5200	    108	   1580	   6888	   1ae8	002Sizeof.elf
Finished building: default.size.stdout
 
